// Jest Snapshot v1, https://goo.gl/fbAQLP

exports[`GoalsList has a valid snapshot 1`] = `
ShallowWrapper {
  Symbol(enzyme.__root__): [Circular],
  Symbol(enzyme.__unrendered__): <GoalsList
    goals={
      Array [
        Object {
          "description": "Hello world 1",
          "id": 1,
          "tag": "I'm team thoughtbot",
          "title": "Testing title",
        },
      ]
    }
    navigation={
      Object {
        "getParam": [Function],
        "navigate": [MockFunction],
      }
    }
  />,
  Symbol(enzyme.__renderer__): Object {
    "batchedUpdates": [Function],
    "getNode": [Function],
    "render": [Function],
    "simulateError": [Function],
    "simulateEvent": [Function],
    "unmount": [Function],
  },
  Symbol(enzyme.__node__): Object {
    "instance": null,
    "key": undefined,
    "nodeType": "class",
    "props": Object {
      "children": <FlatList
        data={
          Array [
            Object {
              "description": "Hello world 1",
              "id": 1,
              "tag": "I'm team thoughtbot",
              "title": "Testing title",
            },
          ]
        }
        disableVirtualization={false}
        horizontal={false}
        initialNumToRender={10}
        keyExtractor={[Function]}
        maxToRenderPerBatch={10}
        numColumns={1}
        onEndReachedThreshold={2}
        renderItem={[Function]}
        scrollEventThrottle={50}
        updateCellsBatchingPeriod={50}
        windowSize={21}
      />,
      "virtual": undefined,
    },
    "ref": null,
    "rendered": Object {
      "instance": null,
      "key": undefined,
      "nodeType": "class",
      "props": Object {
        "data": Array [
          Object {
            "description": "Hello world 1",
            "id": 1,
            "tag": "I'm team thoughtbot",
            "title": "Testing title",
          },
        ],
        "disableVirtualization": false,
        "horizontal": false,
        "initialNumToRender": 10,
        "keyExtractor": [Function],
        "maxToRenderPerBatch": 10,
        "numColumns": 1,
        "onEndReachedThreshold": 2,
        "renderItem": [Function],
        "scrollEventThrottle": 50,
        "updateCellsBatchingPeriod": 50,
        "windowSize": 21,
      },
      "ref": null,
      "rendered": null,
      "type": [Function],
    },
    "type": [Function],
  },
  Symbol(enzyme.__nodes__): Array [
    Object {
      "instance": null,
      "key": undefined,
      "nodeType": "class",
      "props": Object {
        "children": <FlatList
          data={
            Array [
              Object {
                "description": "Hello world 1",
                "id": 1,
                "tag": "I'm team thoughtbot",
                "title": "Testing title",
              },
            ]
          }
          disableVirtualization={false}
          horizontal={false}
          initialNumToRender={10}
          keyExtractor={[Function]}
          maxToRenderPerBatch={10}
          numColumns={1}
          onEndReachedThreshold={2}
          renderItem={[Function]}
          scrollEventThrottle={50}
          updateCellsBatchingPeriod={50}
          windowSize={21}
        />,
        "virtual": undefined,
      },
      "ref": null,
      "rendered": Object {
        "instance": null,
        "key": undefined,
        "nodeType": "class",
        "props": Object {
          "data": Array [
            Object {
              "description": "Hello world 1",
              "id": 1,
              "tag": "I'm team thoughtbot",
              "title": "Testing title",
            },
          ],
          "disableVirtualization": false,
          "horizontal": false,
          "initialNumToRender": 10,
          "keyExtractor": [Function],
          "maxToRenderPerBatch": 10,
          "numColumns": 1,
          "onEndReachedThreshold": 2,
          "renderItem": [Function],
          "scrollEventThrottle": 50,
          "updateCellsBatchingPeriod": 50,
          "windowSize": 21,
        },
        "ref": null,
        "rendered": null,
        "type": [Function],
      },
      "type": [Function],
    },
  ],
  Symbol(enzyme.__options__): Object {
    "adapter": ReactSixteenAdapter {
      "options": Object {
        "enableComponentDidUpdateOnSetState": true,
        "lifecycles": Object {
          "componentDidUpdate": Object {
            "onSetState": true,
          },
          "getDerivedStateFromProps": true,
          "getSnapshotBeforeUpdate": true,
          "setState": Object {
            "skipsComponentDidUpdateOnNullish": true,
          },
        },
      },
    },
    "attachTo": undefined,
    "hydrateIn": undefined,
  },
}
`;
