// Jest Snapshot v1, https://goo.gl/fbAQLP

exports[`IconButton has a valid snapshot 1`] = `
ShallowWrapper {
  Symbol(enzyme.__root__): [Circular],
  Symbol(enzyme.__unrendered__): <IconButton
    name="Goals"
    tint="#929292"
  />,
  Symbol(enzyme.__renderer__): Object {
    "batchedUpdates": [Function],
    "getNode": [Function],
    "render": [Function],
    "simulateError": [Function],
    "simulateEvent": [Function],
    "unmount": [Function],
  },
  Symbol(enzyme.__node__): Object {
    "instance": null,
    "key": undefined,
    "nodeType": "class",
    "props": Object {
      "children": Array [
        <Styled(Icon)
          name="md-filing"
          style={
            Array [
              Object {},
              Object {
                "color": "#929292",
              },
            ]
          }
        />,
        <Styled(Text)
          style={
            Array [
              Object {
                "paddingLeft": 10,
              },
              Object {
                "color": "#929292",
              },
            ]
          }
        >
          Goals
        </Styled(Text)>,
      ],
      "style": Object {
        "alignItems": "center",
        "flexDirection": "row",
      },
      "virtual": undefined,
    },
    "ref": null,
    "rendered": Array [
      Object {
        "instance": null,
        "key": undefined,
        "nodeType": "class",
        "props": Object {
          "name": "md-filing",
          "style": Array [
            Object {},
            Object {
              "color": "#929292",
            },
          ],
          "virtual": undefined,
        },
        "ref": null,
        "rendered": null,
        "type": [Function],
      },
      Object {
        "instance": null,
        "key": undefined,
        "nodeType": "class",
        "props": Object {
          "children": "Goals",
          "style": Array [
            Object {
              "paddingLeft": 10,
            },
            Object {
              "color": "#929292",
            },
          ],
          "virtual": undefined,
        },
        "ref": null,
        "rendered": "Goals",
        "type": [Function],
      },
    ],
    "type": [Function],
  },
  Symbol(enzyme.__nodes__): Array [
    Object {
      "instance": null,
      "key": undefined,
      "nodeType": "class",
      "props": Object {
        "children": Array [
          <Styled(Icon)
            name="md-filing"
            style={
              Array [
                Object {},
                Object {
                  "color": "#929292",
                },
              ]
            }
          />,
          <Styled(Text)
            style={
              Array [
                Object {
                  "paddingLeft": 10,
                },
                Object {
                  "color": "#929292",
                },
              ]
            }
          >
            Goals
          </Styled(Text)>,
        ],
        "style": Object {
          "alignItems": "center",
          "flexDirection": "row",
        },
        "virtual": undefined,
      },
      "ref": null,
      "rendered": Array [
        Object {
          "instance": null,
          "key": undefined,
          "nodeType": "class",
          "props": Object {
            "name": "md-filing",
            "style": Array [
              Object {},
              Object {
                "color": "#929292",
              },
            ],
            "virtual": undefined,
          },
          "ref": null,
          "rendered": null,
          "type": [Function],
        },
        Object {
          "instance": null,
          "key": undefined,
          "nodeType": "class",
          "props": Object {
            "children": "Goals",
            "style": Array [
              Object {
                "paddingLeft": 10,
              },
              Object {
                "color": "#929292",
              },
            ],
            "virtual": undefined,
          },
          "ref": null,
          "rendered": "Goals",
          "type": [Function],
        },
      ],
      "type": [Function],
    },
  ],
  Symbol(enzyme.__options__): Object {
    "adapter": ReactSixteenAdapter {
      "options": Object {
        "enableComponentDidUpdateOnSetState": true,
        "lifecycles": Object {
          "componentDidUpdate": Object {
            "onSetState": true,
          },
          "getDerivedStateFromProps": true,
          "getSnapshotBeforeUpdate": true,
          "setState": Object {
            "skipsComponentDidUpdateOnNullish": true,
          },
        },
      },
    },
    "attachTo": undefined,
    "hydrateIn": undefined,
  },
}
`;
