// Jest Snapshot v1, https://goo.gl/fbAQLP

exports[`ProgressBar has a valid snapshot 1`] = `
ShallowWrapper {
  Symbol(enzyme.__root__): [Circular],
  Symbol(enzyme.__unrendered__): <ProgressBar />,
  Symbol(enzyme.__renderer__): Object {
    "batchedUpdates": [Function],
    "getNode": [Function],
    "render": [Function],
    "simulateError": [Function],
    "simulateEvent": [Function],
    "unmount": [Function],
  },
  Symbol(enzyme.__node__): Object {
    "instance": null,
    "key": undefined,
    "nodeType": "class",
    "props": Object {
      "children": <Styled(ViewNB)
        style={
          Object {
            "flex": 1,
          }
        }
      >
        <Styled(Text)>
          .
        </Styled(Text)>
      </Styled(ViewNB)>,
      "virtual": undefined,
    },
    "ref": null,
    "rendered": Object {
      "instance": null,
      "key": undefined,
      "nodeType": "class",
      "props": Object {
        "children": <Styled(Text)>
          .
        </Styled(Text)>,
        "style": Object {
          "flex": 1,
        },
        "virtual": undefined,
      },
      "ref": null,
      "rendered": Object {
        "instance": null,
        "key": undefined,
        "nodeType": "class",
        "props": Object {
          "children": ".",
          "virtual": undefined,
        },
        "ref": null,
        "rendered": ".",
        "type": [Function],
      },
      "type": [Function],
    },
    "type": [Function],
  },
  Symbol(enzyme.__nodes__): Array [
    Object {
      "instance": null,
      "key": undefined,
      "nodeType": "class",
      "props": Object {
        "children": <Styled(ViewNB)
          style={
            Object {
              "flex": 1,
            }
          }
        >
          <Styled(Text)>
            .
          </Styled(Text)>
        </Styled(ViewNB)>,
        "virtual": undefined,
      },
      "ref": null,
      "rendered": Object {
        "instance": null,
        "key": undefined,
        "nodeType": "class",
        "props": Object {
          "children": <Styled(Text)>
            .
          </Styled(Text)>,
          "style": Object {
            "flex": 1,
          },
          "virtual": undefined,
        },
        "ref": null,
        "rendered": Object {
          "instance": null,
          "key": undefined,
          "nodeType": "class",
          "props": Object {
            "children": ".",
            "virtual": undefined,
          },
          "ref": null,
          "rendered": ".",
          "type": [Function],
        },
        "type": [Function],
      },
      "type": [Function],
    },
  ],
  Symbol(enzyme.__options__): Object {
    "adapter": ReactSixteenAdapter {
      "options": Object {
        "enableComponentDidUpdateOnSetState": true,
        "lifecycles": Object {
          "componentDidUpdate": Object {
            "onSetState": true,
          },
          "getDerivedStateFromProps": true,
          "getSnapshotBeforeUpdate": true,
          "setState": Object {
            "skipsComponentDidUpdateOnNullish": true,
          },
        },
      },
    },
    "attachTo": undefined,
    "hydrateIn": undefined,
  },
}
`;
